<?xml version="1.0" encoding="UTF-8"?>
<TestRun id="e8bd1535-4eb1-4155-b329-ea9addaed85d" name="fuyi@FUYI-PC 2014-05-16 14:58:49" runUser="fuyi-PC\fuyi" xmlns="http://microsoft.com/schemas/VisualStudio/TeamTest/2010">
  <TestSettings name="本地" id="cc238bf4-9bcc-4af4-bef7-1f0e29b26f73">
    <Description>这些设置为本地测试运行的默认测试设置。</Description>
    <Deployment enabled="false" runDeploymentRoot="fuyi_FUYI-PC 2014-05-16 14_58_49">
      <DeploymentItem filename="E:\Project\Car\CarOBD\packages\Iesi.Collections.3.2.0.1001\lib\Net35\Iesi.Collections.dll" />
      <DeploymentItem filename="E:\Project\Car\CarOBD\packages\NHibernate.3.3.3.4001\lib\Net35\NHibernate.dll" />
      <DeploymentItem filename="E:\Project\Car\CarOBD\Domain\bin\Debug\Domain.dll" />
      <DeploymentItem filename="E:\Project\Car\CarOBD\lib\NHibernate\Antlr3.Runtime.dll" />
      <DeploymentItem filename="E:\Project\Car\CarOBD\Common\bin\Debug\Common.dll" />
    </Deployment>
    <Execution>
      <TestTypeSpecific />
      <AgentRule name="Execution Agents">
      </AgentRule>
    </Execution>
  </TestSettings>
  <Times creation="2014-05-16T14:58:49.9875565+08:00" queuing="2014-05-16T14:58:52.3146896+08:00" start="2014-05-16T14:58:52.8667211+08:00" finish="2014-05-16T14:58:56.5079294+08:00" />
  <ResultSummary outcome="Completed">
    <Counters total="2" executed="2" passed="2" error="0" failed="0" timeout="0" aborted="0" inconclusive="0" passedButRunAborted="0" notRunnable="0" notExecuted="0" disconnected="0" warning="0" completed="0" inProgress="0" pending="0" />
  </ResultSummary>
  <TestDefinitions>
    <UnitTest name="TestDesEncrypt" storage="e:\project\car\carobd\testcarobd\bin\debug\testcarobd.dll" id="1d149961-e006-9b54-8af8-c3eed9f475ca">
      <Execution id="981dc649-5743-421a-9b20-a826feeef58e" />
      <TestMethod codeBase="E:/Project/Car/CarOBD/TestCarOBD/bin/Debug/TestCarOBD.DLL" adapterTypeName="Microsoft.VisualStudio.TestTools.TestTypes.Unit.UnitTestAdapter, Microsoft.VisualStudio.QualityTools.Tips.UnitTest.Adapter, Version=10.0.0.0, Culture=neutral, PublicKeyToken=b03f5f7f11d50a3a" className="TestCarOBD.UserInfoTest, TestCarOBD, Version=1.0.0.0, Culture=neutral, PublicKeyToken=null" name="TestDesEncrypt" />
    </UnitTest>
    <UnitTest name="TestDesDecrypt" storage="e:\project\car\carobd\testcarobd\bin\debug\testcarobd.dll" id="a95bc05f-04a5-ca4c-0a25-dc552d88b80c">
      <Execution id="3db09821-9646-4b93-9751-6a4f8185dce6" />
      <TestMethod codeBase="E:/Project/Car/CarOBD/TestCarOBD/bin/Debug/TestCarOBD.DLL" adapterTypeName="Microsoft.VisualStudio.TestTools.TestTypes.Unit.UnitTestAdapter, Microsoft.VisualStudio.QualityTools.Tips.UnitTest.Adapter, Version=10.0.0.0, Culture=neutral, PublicKeyToken=b03f5f7f11d50a3a" className="TestCarOBD.UserInfoTest, TestCarOBD, Version=1.0.0.0, Culture=neutral, PublicKeyToken=null" name="TestDesDecrypt" />
    </UnitTest>
  </TestDefinitions>
  <TestLists>
    <TestList name="列表中未列出的结果" id="8c84fa94-04c1-424b-9868-57a2d4851a1d" />
    <TestList name="所有已加载的结果" id="19431567-8539-422a-85d7-44ee4e166bda" />
  </TestLists>
  <TestEntries>
    <TestEntry testId="1d149961-e006-9b54-8af8-c3eed9f475ca" executionId="981dc649-5743-421a-9b20-a826feeef58e" testListId="8c84fa94-04c1-424b-9868-57a2d4851a1d" />
    <TestEntry testId="a95bc05f-04a5-ca4c-0a25-dc552d88b80c" executionId="3db09821-9646-4b93-9751-6a4f8185dce6" testListId="8c84fa94-04c1-424b-9868-57a2d4851a1d" />
  </TestEntries>
  <Results>
    <UnitTestResult executionId="981dc649-5743-421a-9b20-a826feeef58e" testId="1d149961-e006-9b54-8af8-c3eed9f475ca" testName="TestDesEncrypt" computerName="FUYI-PC" duration="00:00:00.0223060" startTime="2014-05-16T14:58:53.3467486+08:00" endTime="2014-05-16T14:58:56.4049235+08:00" testType="13cdc9d9-ddb5-4fa4-a97d-d965ccfc6d4b" outcome="Passed" testListId="8c84fa94-04c1-424b-9868-57a2d4851a1d" relativeResultsDirectory="981dc649-5743-421a-9b20-a826feeef58e">
      <Output>
        <StdOut>MygXE0eCwa4=</StdOut>
      </Output>
    </UnitTestResult>
    <UnitTestResult executionId="3db09821-9646-4b93-9751-6a4f8185dce6" testId="a95bc05f-04a5-ca4c-0a25-dc552d88b80c" testName="TestDesDecrypt" computerName="FUYI-PC" duration="00:00:00.0041810" startTime="2014-05-16T14:58:56.4179243+08:00" endTime="2014-05-16T14:58:56.4329251+08:00" testType="13cdc9d9-ddb5-4fa4-a97d-d965ccfc6d4b" outcome="Passed" testListId="8c84fa94-04c1-424b-9868-57a2d4851a1d" relativeResultsDirectory="3db09821-9646-4b93-9751-6a4f8185dce6">
    </UnitTestResult>
  </Results>
</TestRun>